---
http_interactions:
- request:
    method: get
    uri: http://ip-api.com/json
    body:
      encoding: US-ASCII
      string: ''
    headers:
      User-Agent:
      - Mozilla/5.0 (Macintosh; Intel Mac OS X 10_11_6) AppleWebKit/537.36 (KHTML,
        like Gecko) Chrome/53.0.2785.143 Safari/537.36
      Content-Type:
      - text/plain
      Connection:
      - close
      Host:
      - ip-api.com
  response:
    status:
      code: 200
      message: OK
    headers:
      Access-Control-Allow-Origin:
      - "*"
      Content-Type:
      - application/json; charset=utf-8
      Date:
      - Mon, 24 Oct 2016 09:28:32 GMT
      Content-Length:
      - '268'
      Connection:
      - close
    body:
      encoding: UTF-8
      string: '{"as":"AS9829 National Internet Backbone","city":"Jaipur","country":"India","countryCode":"IN","isp":"BSNL","lat":26.9167,"lon":75.8167,"org":"BSNL","query":"117.204.249.174","region":"RJ","regionName":"Rajasthan","status":"success","timezone":"Asia/Kolkata","zip":""}'
    http_version: 
  recorded_at: Mon, 24 Oct 2016 09:28:32 GMT
- request:
    method: get
    uri: https://gist.githubusercontent.com/nikhgupta/7a3588c8b881771868dab6e04dbbac71/raw/4fd767d8af480d124a94d9d40f8a8a61132ac627/sha512.txt
    body:
      encoding: US-ASCII
      string: ''
    headers:
      User-Agent:
      - Mozilla/5.0 (Macintosh; Intel Mac OS X 10_11_6) AppleWebKit/537.36 (KHTML,
        like Gecko) Chrome/53.0.2785.143 Safari/537.36
      Content-Type:
      - text/plain
      Connection:
      - close
      Host:
      - gist.githubusercontent.com
  response:
    status:
      code: 200
      message: OK
    headers:
      Content-Security-Policy:
      - default-src 'none'; style-src 'unsafe-inline'
      Strict-Transport-Security:
      - max-age=31536000
      X-Content-Type-Options:
      - nosniff
      X-Frame-Options:
      - deny
      X-Xss-Protection:
      - 1; mode=block
      Etag:
      - '"c82dad25bb6c96a804f4b07adffeb5b17f194414"'
      Content-Type:
      - text/plain; charset=utf-8
      Cache-Control:
      - max-age=300
      X-Geo-Block-List:
      - ''
      X-Github-Request-Id:
      - 689C5D23:3537:B7B5719:580DD3D0
      Content-Length:
      - '128'
      Accept-Ranges:
      - bytes
      Date:
      - Mon, 24 Oct 2016 09:28:35 GMT
      Via:
      - 1.1 varnish
      Connection:
      - close
      X-Served-By:
      - cache-cdg8730-CDG
      X-Cache:
      - HIT
      X-Cache-Hits:
      - '1'
      Vary:
      - Authorization,Accept-Encoding
      Access-Control-Allow-Origin:
      - "*"
      X-Fastly-Request-Id:
      - ffb6a7661d86095f568a4d7e73b280a60ff9684b
      Expires:
      - Mon, 24 Oct 2016 09:33:35 GMT
      Source-Age:
      - '115'
    body:
      encoding: UTF-8
      string: ccabbcb61781a9ca2b7a3c85d0c61aeb139bd014789a165a35e17a00e4be40c5448f89a59e4554296a149832fbaf303a87a2d04a5fa1edb70d80f69b048c0d99
    http_version: 
  recorded_at: Mon, 24 Oct 2016 09:28:35 GMT
- request:
    method: get
    uri: http://www.rx2.eu/ivy/azenv.php
    body:
      encoding: US-ASCII
      string: ''
    headers:
      User-Agent:
      - Mozilla/5.0 (Macintosh; Intel Mac OS X 10_11_6) AppleWebKit/537.36 (KHTML,
        like Gecko) Chrome/53.0.2785.143 Safari/537.36
      Content-Type:
      - text/plain
      Connection:
      - close
      Host:
      - www.rx2.eu
  response:
    status:
      code: 200
      message: OK
    headers:
      Server:
      - nginx
      Date:
      - Mon, 24 Oct 2016 09:28:34 GMT
      Content-Type:
      - text/html
      Content-Length:
      - '855'
      X-Powered-By:
      - PleskLin
      Vary:
      - User-Agent,Accept-Encoding
      Cache-Control:
      - private, no-cache, no-store, proxy-revalidate, no-transform
      Pragma:
      - no-cache
      X-Cache:
      - MISS from ns321847.ip-87-98-219.eu
      X-Cache-Lookup:
      - MISS from ns321847.ip-87-98-219.eu:8080
      Via:
      - 1.1 ns321847.ip-87-98-219.eu (squid/3.4.8)
      Connection:
      - close
    body:
      encoding: ASCII-8BIT
      string: |-
        <!DOCTYPE html PUBLIC "-//W3C//DTD XHTML 1.0 Transitional//EN"
           "http://www.w3.org/TR/xhtml1/DTD/xhtml1-transitional.dtd">
        <html xmlns="http://www.w3.org/1999/xhtml" xml:lang="en" lang="en">
        <head>
        <title>AZ Environment variables 1.04</title>
        </head>
        <body>
        <pre>
        HTTP_HOST = www.rx2.eu
        HTTP_X_REAL_IP = 87.98.219.96
        HTTP_X_FORWARDED_FOR = unknown, 87.98.219.96
        HTTP_X_ACCEL_INTERNAL = /internal-nginx-static-location
        HTTP_CONNECTION = close
        HTTP_USER_AGENT = Mozilla/5.0 (Macintosh; Intel Mac OS X 10_11_6) AppleWebKit/537.36 (KHTML, like Gecko) Chrome/53.0.2785.143 Safari/537.36
        HTTP_VIA = 1.1 ns321847.ip-87-98-219.eu (squid/3.4.8)
        HTTP_CACHE_CONTROL = max-age=259200
        REMOTE_ADDR = 87.98.219.96
        REMOTE_PORT = 56744
        REQUEST_METHOD = GET
        REQUEST_URI = /ivy/azenv.php
        REQUEST_TIME_FLOAT = 1477301314.133
        REQUEST_TIME = 1477301314
        </pre>
        </body>
        </html>
    http_version: 
  recorded_at: Mon, 24 Oct 2016 09:28:39 GMT
- request:
    method: get
    uri: https://www.rx2.eu/ivy/azenv.php
    body:
      encoding: US-ASCII
      string: ''
    headers:
      User-Agent:
      - Mozilla/5.0 (Macintosh; Intel Mac OS X 10_11_6) AppleWebKit/537.36 (KHTML,
        like Gecko) Chrome/53.0.2785.143 Safari/537.36
      Content-Type:
      - text/plain
      Connection:
      - close
      Host:
      - www.rx2.eu
  response:
    status:
      code: 302
      message: Found
    headers:
      Server:
      - nginx
      Date:
      - Mon, 24 Oct 2016 09:28:40 GMT
      Content-Type:
      - text/html; charset=iso-8859-1
      Content-Length:
      - '0'
      Connection:
      - close
      Set-Cookie:
      - JTLSHOP=2mlf40odpd9bins4ljch0au0s7; path=/
      Expires:
      - Thu, 19 Nov 1981 08:52:00 GMT
      Cache-Control:
      - no-store, no-cache, must-revalidate, post-check=0, pre-check=0
      Pragma:
      - no-cache
      Location:
      - http://www.rx2.eu/ivy/azenv.php
      Vary:
      - Accept-Encoding
      X-Ua-Compatible:
      - IE=edge
      X-Content-Type-Options:
      - nosniff
    body:
      encoding: ISO-8859-1
      string: ''
    http_version: 
  recorded_at: Mon, 24 Oct 2016 09:28:45 GMT
- request:
    method: get
    uri: http://www.rx2.eu/ivy/azenv.php
    body:
      encoding: US-ASCII
      string: ''
    headers:
      User-Agent:
      - Mozilla/5.0 (Macintosh; Intel Mac OS X 10_11_6) AppleWebKit/537.36 (KHTML,
        like Gecko) Chrome/53.0.2785.143 Safari/537.36
      Content-Type:
      - text/plain
      Connection:
      - close
      Host:
      - www.rx2.eu
  response:
    status:
      code: 200
      message: OK
    headers:
      Server:
      - nginx
      Date:
      - Mon, 24 Oct 2016 09:28:41 GMT
      Content-Type:
      - text/html
      Content-Length:
      - '855'
      X-Powered-By:
      - PleskLin
      Vary:
      - User-Agent,Accept-Encoding
      Cache-Control:
      - private, no-cache, no-store, proxy-revalidate, no-transform
      Pragma:
      - no-cache
      X-Cache:
      - MISS from ns321847.ip-87-98-219.eu
      X-Cache-Lookup:
      - MISS from ns321847.ip-87-98-219.eu:8080
      Via:
      - 1.1 ns321847.ip-87-98-219.eu (squid/3.4.8)
      Connection:
      - close
    body:
      encoding: ASCII-8BIT
      string: |-
        <!DOCTYPE html PUBLIC "-//W3C//DTD XHTML 1.0 Transitional//EN"
           "http://www.w3.org/TR/xhtml1/DTD/xhtml1-transitional.dtd">
        <html xmlns="http://www.w3.org/1999/xhtml" xml:lang="en" lang="en">
        <head>
        <title>AZ Environment variables 1.04</title>
        </head>
        <body>
        <pre>
        HTTP_HOST = www.rx2.eu
        HTTP_X_REAL_IP = 87.98.219.96
        HTTP_X_FORWARDED_FOR = unknown, 87.98.219.96
        HTTP_X_ACCEL_INTERNAL = /internal-nginx-static-location
        HTTP_CONNECTION = close
        HTTP_USER_AGENT = Mozilla/5.0 (Macintosh; Intel Mac OS X 10_11_6) AppleWebKit/537.36 (KHTML, like Gecko) Chrome/53.0.2785.143 Safari/537.36
        HTTP_VIA = 1.1 ns321847.ip-87-98-219.eu (squid/3.4.8)
        HTTP_CACHE_CONTROL = max-age=259200
        REMOTE_ADDR = 87.98.219.96
        REMOTE_PORT = 56974
        REQUEST_METHOD = GET
        REQUEST_URI = /ivy/azenv.php
        REQUEST_TIME_FLOAT = 1477301321.925
        REQUEST_TIME = 1477301321
        </pre>
        </body>
        </html>
    http_version: 
  recorded_at: Mon, 24 Oct 2016 09:28:47 GMT
- request:
    method: get
    uri: https://luisaranguren.com/azenv.php
    body:
      encoding: US-ASCII
      string: ''
    headers:
      User-Agent:
      - Mozilla/5.0 (Macintosh; Intel Mac OS X 10_11_6) AppleWebKit/537.36 (KHTML,
        like Gecko) Chrome/53.0.2785.143 Safari/537.36
      Content-Type:
      - text/plain
      Connection:
      - close
      Host:
      - luisaranguren.com
  response:
    status:
      code: 200
      message: OK
    headers:
      Date:
      - Mon, 24 Oct 2016 09:28:48 GMT
      Server:
      - Apache
      Vary:
      - Accept-Encoding
      Content-Length:
      - '681'
      Connection:
      - close
      Content-Type:
      - text/html; charset=UTF-8
    body:
      encoding: UTF-8
      string: "<!DOCTYPE html PUBLIC \"-//W3C//DTD XHTML 1.0 Transitional//EN\"\r\n
        \  \"http://www.w3.org/TR/xhtml1/DTD/xhtml1-transitional.dtd\">\r\n<html xmlns=\"http://www.w3.org/1999/xhtml\"
        xml:lang=\"en\" lang=\"en\">\r\n<head>\r\n<title>AZ Environment variables
        1.04</title>\r\n</head>\r\n<body>\r\n<pre>\r\nHTTPS = on\nHTTP_USER_AGENT
        = Mozilla/5.0 (Macintosh; Intel Mac OS X 10_11_6) AppleWebKit/537.36 (KHTML,
        like Gecko) Chrome/53.0.2785.143 Safari/537.36\nHTTP_CONNECTION = close\nHTTP_HOST
        = luisaranguren.com\nREMOTE_ADDR = 87.98.219.96\nREQUEST_SCHEME = https\nREMOTE_PORT
        = 50338\nREQUEST_METHOD = GET\nREQUEST_URI = /azenv.php\nREQUEST_TIME_FLOAT
        = 1477301328.441\nREQUEST_TIME = 1477301328\n</pre>\r\n</body>\r\n</html>"
    http_version: 
  recorded_at: Mon, 24 Oct 2016 09:29:07 GMT
- request:
    method: post
    uri: https://www.rx2.eu/ivy/azenv.php
    body:
      encoding: UTF-8
      string: test=text
    headers:
      User-Agent:
      - Mozilla/5.0 (Macintosh; Intel Mac OS X 10_11_6) AppleWebKit/537.36 (KHTML,
        like Gecko) Chrome/53.0.2785.143 Safari/537.36
      Content-Type:
      - text/plain
      Connection:
      - close
      Host:
      - www.rx2.eu
  response:
    status:
      code: 302
      message: Found
    headers:
      Server:
      - nginx
      Date:
      - Mon, 24 Oct 2016 09:29:13 GMT
      Content-Type:
      - text/html; charset=iso-8859-1
      Content-Length:
      - '0'
      Connection:
      - close
      Set-Cookie:
      - JTLSHOP=angtrj10snfnaaiq6tuc1bkeq7; path=/
      Expires:
      - Thu, 19 Nov 1981 08:52:00 GMT
      Cache-Control:
      - no-store, no-cache, must-revalidate, post-check=0, pre-check=0
      Pragma:
      - no-cache
      Location:
      - http://www.rx2.eu/ivy/azenv.php
      Vary:
      - Accept-Encoding
      X-Ua-Compatible:
      - IE=edge
      X-Content-Type-Options:
      - nosniff
    body:
      encoding: ISO-8859-1
      string: ''
    http_version: 
  recorded_at: Mon, 24 Oct 2016 09:29:18 GMT
recorded_with: VCR 3.0.3
